../Core/Src/main.cpp:72:5:int main()	128	static
../Core/Src/main.cpp:143:6:void SystemClock_Config()	104	static
../Core/Src/main.cpp:188:13:void MX_ICACHE_Init()	8	static
../Core/Src/main.cpp:216:13:void MX_UART4_Init()	8	static
../Core/Src/main.cpp:262:13:void MX_DMA_Init()	16	static
../Core/Src/main.cpp:284:13:void MX_GPIO_Init()	16	static
../Core/Src/main.cpp:299:6:void HAL_UARTEx_RxEventCallback(UART_HandleTypeDef*, uint16_t)	16	static
../Core/Src/main.cpp:311:6:void Error_Handler()	4	static,ignoring_inline_asm
../Core/Src/main.cpp:320:1:void __static_initialization_and_destruction_0()	8	static
../Core/Src/main.cpp:320:1:void __static_initialization_and_destruction_1()	8	static
../Core/Src/main.cpp:320:1:cpp)	8	static
../Core/Src/main.cpp:320:1:cpp)	8	static
